编译标准程序...
编译成功

生成输入数据...
生成【01.in】
生成【02.in】
生成【03.in】
生成【04.in】
生成【05.in】
生成【06.in】
生成【07.in】
生成【08.in】
生成【09.in】
生成【10.in】
生成【11.in】
生成【12.in】
生成【13.in】
生成【14.in】
生成【15.in】
生成【16.in】
生成【17.in】
生成【18.in】
生成【19.in】
生成【20.in】
生成【21.in】
生成【22.in】
生成【23.in】
生成【24.in】
生成【25.in】
输入数据生成完成

生成输出数据...
处理【01】... 完成
处理【02】... 完成
处理【03】... 完成
处理【04】... 完成
处理【05】... 完成
处理【06】... 完成
处理【07】... 完成
处理【08】... 完成
处理【09】... 完成
处理【10】... 完成
处理【11】... 完成
处理【12】... 完成
处理【13】... 完成
处理【14】... 完成
处理【15】... 完成
处理【16】... 完成
处理【17】... 完成
处理【18】... 完成
处理【19】... 完成
处理【20】... 完成
处理【21】... 完成
处理【22】... 完成
处理【23】... 完成
处理【24】... 完成
处理【25】... 完成
输出数据生成完成
